2026-04-25 10:18:04,725 [INFO] yamlgraph.graph_loader: Parsed 3 shell tools: simulate_bug, simulate_fix, cleanup_demo
2026-04-25 10:18:04,725 [INFO] yamlgraph.node_compiler: Added node: demonstrate_bug (type=tool)
2026-04-25 10:18:04,726 [INFO] yamlgraph.node_compiler: Added node: demonstrate_fix (type=tool)
2026-04-25 10:18:04,726 [INFO] yamlgraph.node_compiler: Added node: verify_fix (type=tool)
2026-04-25 10:18:04,733 [INFO] yamlgraph.tools.nodes: 🔧 Executing tool: simulate_bug
2026-04-25 10:18:04,859 [INFO] yamlgraph.tools.nodes: ✓ Tool simulate_bug completed
2026-04-25 10:18:04,860 [INFO] yamlgraph.tools.nodes: 🔧 Executing tool: simulate_fix
2026-04-25 10:18:05,092 [INFO] yamlgraph.tools.nodes: ✓ Tool simulate_fix completed
2026-04-25 10:18:05,094 [INFO] yamlgraph.tools.nodes: 🔧 Executing tool: cleanup_demo
2026-04-25 10:18:05,105 [INFO] yamlgraph.tools.nodes: ✓ Tool cleanup_demo completed

🚀 Running graph: graph.yaml

============================================================
RESULT
============================================================
  current_step: verify_fix
  buggy_result: Files found with buggy approach:

  fixed_result: Creating marker file BEFORE test files (fix)...
Files found with marker approach:
tests/demo-fixed/test_example.py

  verification: === VERIFICATION ===
✅ Marker approach correctly detects new test files!
✅ RED verification will now work in watcher2 pipeline!
