2026-04-26 09:06:09,857 [INFO] yamlgraph.graph_loader: Parsed 4 shell tools: verify_worktree_guard, verify_watcher_skip_flow, verify_documentation, summarize_demo
2026-04-26 09:06:09,857 [INFO] yamlgraph.node_compiler: Added node: check_worktree_guard (type=tool)
2026-04-26 09:06:09,857 [INFO] yamlgraph.node_compiler: Added node: check_skip_flow (type=tool)
2026-04-26 09:06:09,857 [INFO] yamlgraph.node_compiler: Added node: check_docs (type=tool)
2026-04-26 09:06:09,858 [INFO] yamlgraph.node_compiler: Added node: summary (type=tool)
2026-04-26 09:06:09,866 [INFO] yamlgraph.tools.nodes: 🔧 Executing tool: verify_worktree_guard
2026-04-26 09:06:09,916 [INFO] yamlgraph.tools.nodes: ✓ Tool verify_worktree_guard completed
2026-04-26 09:06:09,917 [INFO] yamlgraph.tools.nodes: 🔧 Executing tool: verify_watcher_skip_flow
2026-04-26 09:06:09,966 [INFO] yamlgraph.tools.nodes: ✓ Tool verify_watcher_skip_flow completed
2026-04-26 09:06:09,967 [INFO] yamlgraph.tools.nodes: 🔧 Executing tool: verify_documentation
2026-04-26 09:06:10,018 [INFO] yamlgraph.tools.nodes: ✓ Tool verify_documentation completed
2026-04-26 09:06:10,019 [INFO] yamlgraph.tools.nodes: 🔧 Executing tool: summarize_demo
2026-04-26 09:06:10,027 [INFO] yamlgraph.tools.nodes: ✓ Tool summarize_demo completed

🚀 Running graph: graph.yaml

============================================================
RESULT
============================================================
  current_step: summary
  worktree_guard_result: === AC-01 / AC-02 / AC-06 / AC-07 ===
PASS: merged PR query uses gh pr list
PASS: merged state filter exists
PASS: head filter uses WT_BRANCH
PASS: returns dedicated skip code 2
PASS: query is guarded to degrade gracefully
PASS: normal worktree creation path remains

  watcher_skip_result: === AC-03 / AC-04 / AC-05 ===
PASS: explicit worktree status handling is present
PASS: skip code 2 branch exists
PASS: skip path consumes processing topic file
PASS: skip path records metrics with explicit outcome

  readme_result: === AC-09 ===
PASS: README mentions merged-branch guard
PASS: README documents --state merged query

  demo_summary: === FR-286 DEMO SUMMARY ===
PASS: worktree merged-branch collision guard is implemented.
PASS: watcher2 handles skip code 2 as a non-failure skip path.
PASS: processing topic file is consumed and skip metrics are written.
PASS: .chaplain/README.md documents merged branch checks.


