2026-04-26 10:11:16,834 [INFO] yamlgraph.graph_loader: Parsed 7 shell tools: verify_dedup_script_contract, verify_runtime_merged_fr_hit, verify_runtime_no_fr_token, verify_runtime_gh_failure, verify_watcher_dedup_flow, verify_readme_dedup_docs, summarize_demo
2026-04-26 10:11:16,835 [INFO] yamlgraph.node_compiler: Added node: check_dedup_script_contract (type=tool)
2026-04-26 10:11:16,835 [INFO] yamlgraph.node_compiler: Added node: check_runtime_merged_fr_hit (type=tool)
2026-04-26 10:11:16,835 [INFO] yamlgraph.node_compiler: Added node: check_runtime_no_fr_token (type=tool)
2026-04-26 10:11:16,835 [INFO] yamlgraph.node_compiler: Added node: check_runtime_gh_failure (type=tool)
2026-04-26 10:11:16,835 [INFO] yamlgraph.node_compiler: Added node: check_watcher_dedup_flow (type=tool)
2026-04-26 10:11:16,836 [INFO] yamlgraph.node_compiler: Added node: check_readme_docs (type=tool)
2026-04-26 10:11:16,836 [INFO] yamlgraph.node_compiler: Added node: summary (type=tool)
2026-04-26 10:11:16,848 [INFO] yamlgraph.tools.nodes: 🔧 Executing tool: verify_dedup_script_contract
2026-04-26 10:11:16,897 [INFO] yamlgraph.tools.nodes: ✓ Tool verify_dedup_script_contract completed
2026-04-26 10:11:16,898 [INFO] yamlgraph.tools.nodes: 🔧 Executing tool: verify_runtime_merged_fr_hit
2026-04-26 10:11:17,429 [INFO] yamlgraph.tools.nodes: ✓ Tool verify_runtime_merged_fr_hit completed
2026-04-26 10:11:17,430 [INFO] yamlgraph.tools.nodes: 🔧 Executing tool: verify_runtime_no_fr_token
2026-04-26 10:11:17,467 [INFO] yamlgraph.tools.nodes: ✓ Tool verify_runtime_no_fr_token completed
2026-04-26 10:11:17,468 [INFO] yamlgraph.tools.nodes: 🔧 Executing tool: verify_runtime_gh_failure
2026-04-26 10:11:17,832 [INFO] yamlgraph.tools.nodes: ✓ Tool verify_runtime_gh_failure completed
2026-04-26 10:11:17,833 [INFO] yamlgraph.tools.nodes: 🔧 Executing tool: verify_watcher_dedup_flow
2026-04-26 10:11:17,883 [INFO] yamlgraph.tools.nodes: ✓ Tool verify_watcher_dedup_flow completed
2026-04-26 10:11:17,885 [INFO] yamlgraph.tools.nodes: 🔧 Executing tool: verify_readme_dedup_docs
2026-04-26 10:11:17,933 [INFO] yamlgraph.tools.nodes: ✓ Tool verify_readme_dedup_docs completed
2026-04-26 10:11:17,934 [INFO] yamlgraph.tools.nodes: 🔧 Executing tool: summarize_demo
2026-04-26 10:11:17,942 [INFO] yamlgraph.tools.nodes: ✓ Tool summarize_demo completed

🚀 Running graph: graph.yaml

============================================================
RESULT
============================================================
  current_step: summary
  dedup_script_contract: === AC-02 / AC-06 / AC-07: dedup_gate.sh contract ===
PASS: dedup gate function exists
PASS: FR token regex extraction exists
PASS: merged PR query uses gh pr list
PASS: merged state filter exists
PASS: FR search option exists
PASS: gh availability guard exists
PASS: warning path exists for gh/query failure
PASS: non-fatal continue path exists

  runtime_merged_fr_hit: === AC-03 runtime: merged FR hit returns skip code 2 ===
PASS: merged FR hit returned skip code 2 and exported merged PR metadata

  runtime_no_fr_token: === AC-06 runtime: no FR token passes through ===
[demo] No FR token found in topic — continuing without dedup skip
PASS: no FR token path returned success (pipeline continues)

  runtime_gh_failure: === AC-07 runtime: gh query failure is non-fatal ===
PASS: gh query failure path logged warning and continued

  watcher_dedup_flow: === AC-01 / AC-03 / AC-04 / AC-05: watcher2 wiring ===
PASS: dedup gate lib is sourced
PASS: dedup gate runs before preflight
PASS: dedup status branch exists
PASS: already-completed FR skip log exists
PASS: skip path consumes processing topic file
PASS: skip path writes skipped metrics

  readme_dedup_docs: === AC-09: README dedup contract ===
PASS: README includes dedup section
PASS: README documents merged state query
PASS: README documents FR-token search pattern

  demo_summary: === FR-287 DEMO SUMMARY ===
PASS: dedup_gate extracts FR tokens and queries merged PRs with gh search.
PASS: merged FR hit returns skip code 2 and surfaces merged PR metadata.
PASS: no-token path returns 0 (normal pipeline pass-through).
PASS: gh query failure logs warning and stays non-fatal.
PASS: watcher2 wiring executes dedup before preflight and records skipped metrics.
PASS: .chaplain/README.md documents dedup gate and merged search contract.
