2026-04-26 11:06:19,448 [INFO] yamlgraph.graph_loader: Parsed 5 shell tools: verify_preflight_script_contract, verify_runtime_hook_gate_matrix, verify_watcher_preflight_flow, verify_readme_hook_docs, summarize_demo
2026-04-26 11:06:19,449 [INFO] yamlgraph.node_compiler: Added node: check_preflight_script_contract (type=tool)
2026-04-26 11:06:19,449 [INFO] yamlgraph.node_compiler: Added node: check_runtime_hook_gate_matrix (type=tool)
2026-04-26 11:06:19,449 [INFO] yamlgraph.node_compiler: Added node: check_watcher_preflight_flow (type=tool)
2026-04-26 11:06:19,449 [INFO] yamlgraph.node_compiler: Added node: check_readme_docs (type=tool)
2026-04-26 11:06:19,449 [INFO] yamlgraph.node_compiler: Added node: summary (type=tool)
2026-04-26 11:06:19,459 [INFO] yamlgraph.tools.nodes: 🔧 Executing tool: verify_preflight_script_contract
2026-04-26 11:06:19,509 [INFO] yamlgraph.tools.nodes: ✓ Tool verify_preflight_script_contract completed
2026-04-26 11:06:19,510 [INFO] yamlgraph.tools.nodes: 🔧 Executing tool: verify_runtime_hook_gate_matrix
2026-04-26 11:06:23,522 [INFO] yamlgraph.tools.nodes: ✓ Tool verify_runtime_hook_gate_matrix completed
2026-04-26 11:06:23,523 [INFO] yamlgraph.tools.nodes: 🔧 Executing tool: verify_watcher_preflight_flow
2026-04-26 11:06:23,573 [INFO] yamlgraph.tools.nodes: ✓ Tool verify_watcher_preflight_flow completed
2026-04-26 11:06:23,574 [INFO] yamlgraph.tools.nodes: 🔧 Executing tool: verify_readme_hook_docs
2026-04-26 11:06:23,623 [INFO] yamlgraph.tools.nodes: ✓ Tool verify_readme_hook_docs completed
2026-04-26 11:06:23,624 [INFO] yamlgraph.tools.nodes: 🔧 Executing tool: summarize_demo
2026-04-26 11:06:23,632 [INFO] yamlgraph.tools.nodes: ✓ Tool summarize_demo completed

🚀 Running graph: graph.yaml

============================================================
RESULT
============================================================
  current_step: summary
  preflight_script_contract: === AC-01 / AC-04 / AC-05: preflight.sh hook gate contract ===
PASS: core.hooksPath local config read exists
PASS: allows default .git/hooks path
PASS: pre-commit hook check exists
PASS: commit-msg hook check exists
PASS: executable-bit check exists (-x)
PASS: remediation command: unset core.hooksPath
PASS: remediation command: pre-commit install
PASS: remediation command: pre-commit install --hook-type commit-msg

  runtime_hook_gate_matrix: === AC-02 / AC-03 / AC-04 / AC-07: runtime hook gate matrix ===
PASS: empty core.hooksPath fails
PASS: non-default core.hooksPath fails
PASS: missing pre-commit hook fails
PASS: non-executable commit-msg hook fails
PASS: healthy hooks pass

  watcher_preflight_flow: === AC-06: watcher2 preflight boundary blocks plan phase ===
PASS: watcher has explicit preflight guard
PASS: watcher has plan step
PASS: preflight guard runs before plan
PASS: preflight script includes core.hooksPath gate

  readme_hook_docs: === AC-09: README hook preflight contract ===
PASS: README documents core.hooksPath validation
PASS: README documents pre-commit executable requirement
PASS: README documents commit-msg executable requirement
PASS: README includes unset core.hooksPath remediation

  demo_summary: === FR-288 DEMO SUMMARY ===
PASS: preflight validates core.hooksPath and required executable hooks.
PASS: empty/non-default hooksPath fail closed.
PASS: missing or non-executable required hooks fail closed.
PASS: healthy .git/hooks pre-commit + commit-msg still pass preflight.
PASS: watcher2 keeps preflight guard before plan and blocks unsafe cycles.
PASS: .chaplain/README.md documents enforced contract and remediation.
