2026-04-26 11:59:06,917 [INFO] yamlgraph.graph_loader: Parsed 6 shell tools: verify_post_merge_script_contract, verify_runtime_pr_number_resolution, verify_runtime_pr_title_fallback_collision, verify_runtime_no_token_noop, verify_readme_post_merge_docs, summarize_demo
2026-04-26 11:59:06,917 [INFO] yamlgraph.node_compiler: Added node: check_post_merge_script_contract (type=tool)
2026-04-26 11:59:06,917 [INFO] yamlgraph.node_compiler: Added node: check_runtime_pr_number_resolution (type=tool)
2026-04-26 11:59:06,918 [INFO] yamlgraph.node_compiler: Added node: check_runtime_pr_title_fallback_collision (type=tool)
2026-04-26 11:59:06,918 [INFO] yamlgraph.node_compiler: Added node: check_runtime_no_token_noop (type=tool)
2026-04-26 11:59:06,918 [INFO] yamlgraph.node_compiler: Added node: check_readme_docs (type=tool)
2026-04-26 11:59:06,918 [INFO] yamlgraph.node_compiler: Added node: summary (type=tool)
2026-04-26 11:59:06,928 [INFO] yamlgraph.tools.nodes: 🔧 Executing tool: verify_post_merge_script_contract
2026-04-26 11:59:06,981 [INFO] yamlgraph.tools.nodes: ✓ Tool verify_post_merge_script_contract completed
2026-04-26 11:59:06,982 [INFO] yamlgraph.tools.nodes: 🔧 Executing tool: verify_runtime_pr_number_resolution
2026-04-26 11:59:07,454 [INFO] yamlgraph.tools.nodes: ✓ Tool verify_runtime_pr_number_resolution completed
2026-04-26 11:59:07,456 [INFO] yamlgraph.tools.nodes: 🔧 Executing tool: verify_runtime_pr_title_fallback_collision
2026-04-26 11:59:07,539 [INFO] yamlgraph.tools.nodes: ✓ Tool verify_runtime_pr_title_fallback_collision completed
2026-04-26 11:59:07,540 [INFO] yamlgraph.tools.nodes: 🔧 Executing tool: verify_runtime_no_token_noop
2026-04-26 11:59:07,587 [INFO] yamlgraph.tools.nodes: ✓ Tool verify_runtime_no_token_noop completed
2026-04-26 11:59:07,589 [INFO] yamlgraph.tools.nodes: 🔧 Executing tool: verify_readme_post_merge_docs
2026-04-26 11:59:07,639 [INFO] yamlgraph.tools.nodes: ✓ Tool verify_readme_post_merge_docs completed
2026-04-26 11:59:07,640 [INFO] yamlgraph.tools.nodes: 🔧 Executing tool: summarize_demo
2026-04-26 11:59:07,649 [INFO] yamlgraph.tools.nodes: ✓ Tool summarize_demo completed

🚀 Running graph: graph.yaml

============================================================
RESULT
============================================================
  current_step: summary
  post_merge_script_contract: === AC-01 / AC-02 / AC-03 / AC-04 / AC-05 / AC-06 / AC-07 ===
PASS: post_merge helper exists
PASS: FR token regex extraction exists
PASS: PR metadata lookup uses gh pr view
PASS: fallback path uses PR_TITLE and TOPIC_FILE
PASS: inbox scan path exists
PASS: done queue path exists
PASS: done directory creation exists
PASS: collision guard exists
PASS: explicit no-token no-op exists
PASS: token and consumed-count logging exists

  runtime_pr_number_resolution: === Runtime: PR_NUMBER title lookup resolves token and consumes matching inbox files ===
PASS: PR_NUMBER->gh title token resolution consumed only matching inbox files

  runtime_pr_title_fallback_collision: === Runtime: PR_TITLE fallback + collision-safe move to done queue ===
PASS: PR_TITLE fallback resolved token and moved duplicate safely with timestamp suffix

  runtime_no_token_noop: === Runtime: no token path is explicit no-op ===
PASS: no-token path returned success and preserved inbox contents

  readme_post_merge_docs: === AC-09: README documents post-merge inbox consumption ===
PASS: README includes post_merge section
PASS: README includes FR token contract
PASS: README includes done queue semantics

  demo_summary: === FR-289 DEMO SUMMARY ===
PASS: post_merge resolves FR token from PR metadata with fallback chain.
PASS: matching inbox files are consumed into .chaplain/done and non-matches remain.
PASS: done directory is auto-created and filename collisions are handled safely.
PASS: no-token path is explicit no-op and keeps merge success.
PASS: .chaplain/README.md documents post-merge FR-token cleanup semantics.


